<?xml version="1.0" encoding="UTF-8"?>
<testsuites name="jest tests" tests="4" failures="0" errors="0" time="0.651">
  <testsuite name="undefined" errors="0" failures="0" skipped="0" timestamp="2025-10-29T04:25:30" time="0.513" tests="4">
    <testcase classname=" Celsius to Fahrenheit" name=" Celsius to Fahrenheit" time="0.005">
    </testcase>
    <testcase classname=" Fahrenheit to Celsius" name=" Fahrenheit to Celsius" time="0.001">
    </testcase>
    <testcase classname=" Celsius to Kelvin" name=" Celsius to Kelvin" time="0.001">
    </testcase>
    <testcase classname=" Kelvin to Celsius" name=" Kelvin to Celsius" time="0">
    </testcase>
  </testsuite>
</testsuites>